// Vitest Snapshot v1, https://vitest.dev/guide/snapshot.html

exports[`the help text > lists every command and key, as the person reads them 1`] = `
"Commands
  /room <name>      switch to another room. Ctrl+R lists the rooms.
                    Breakout rooms show under their parent room.
  /new <name> [goal]  create a room. Without a goal, the next line is the goal.
  /user <name>      switch to another person
  /files            search the workspace files and read one in the dock
  /open <path>      open the files layer of the dock on one file
  /attach <path>    copy a local file into the workspace and cite it in your next message
  /ps               show the background processes of the specialists, their output,
                    and cancel one with x, twice
  /camera           show the latest frame of each camera that the open room shows,
                    in the dock, and hide them when they show. The
                    Engineer shows a camera. Ctrl+L chooses the Look now button
                    under a camera, Enter presses it, and Esc goes back. It needs
                    a terminal with Kitty graphics, such as Ghostty. A terminal under
                    100 columns hides the layer, and /camera closes it there.
  /voice            switch voice mode on or off. In voice mode, hold Space on an empty
                    composer to talk, and let go to send what whisper.cpp hears.
  /try              fill the composer with the room’s suggested question
  /abort            cancel the open exchange in this room
  /dismiss <n>      dismiss the say n that waits to return. The seat does not come back to it.
  /stop             stop the room. /resume starts it again.
  /steps [n]        show the steps of the newest activation of exchange n, oldest first.
                    Without n, the latest exchange. /steps off hides them.
  /quit             leave the terminal. The rooms stop with it.
Messages
  Start a message with // to send a leading slash.
  Start a message with @name to address one seat. The seat wakes, and the host
  seats it first when it is not seated. Start with @@ to send a leading at sign.
Keys
  Press ? on an empty composer to open the keys sheet."
`;
