// Vitest Snapshot v1, https://vitest.dev/guide/snapshot.html

exports[`the help text > lists every command and key, as the person reads them 1`] = `
"Commands
  /room <name>      switch to another room. Ctrl+R lists the rooms.
  /new <name> [goal]  create a room. Without a goal, the next line is the goal.
  /user <name>      switch to another person
  /files            search the workspace files and read one in a side panel
  /open <path>      open the files panel on one file
  /attach <path>    copy a local file into the workspace and cite it in your next message
  /ps               show the background processes of the seats, their output,
                    and cancel one with x, twice
  /try              fill the composer with the room’s suggested question
  /abort            cancel the open exchange in this room
  /dismiss <n>      dismiss the say n that waits to return. The seat does not come back to it.
  /stop             stop the room. /resume starts it again.
  /steps [n]        show the steps of the newest activation of exchange n, oldest first.
                    Without n, the latest exchange. /steps off hides them.
  /expand           open every discussion. /collapse closes them.
  /quit             leave the terminal. The rooms stop with it.
Keys
  Enter sends. Ctrl+J, Alt+Enter, and Shift+Enter add a line.
  Tab browses the discussions. Up and Down choose, Enter opens or closes,
  e opens all, c closes all, s shows the steps of the exchange, and Esc goes back
  to the composer.
  r, while browsing, chooses a ref of a shown message. Enter opens a file or a table
  in the files panel, or jumps to a message. Esc goes back.
  PageUp and PageDown scroll. Start a message with // to send a leading slash.
  Ctrl+C clears the composer, cancels a new room that waits for its goal, and closes a
  panel. On an empty composer it drops the staged attachments.
  Ctrl+D on an empty composer leaves the terminal. /quit also leaves.
  Start a message with @name to address one seat. The seat wakes, and the host
  seats it first when it is not seated. Start with @@ to send a leading at sign."
`;
